{
    "ID": "5e18b4f1953868b88b1b5ac2ee21924853d137da",
    "molecule": "O    0.00000000000000e+00   0.00000000000000e+00   0.00000000000000e+00\nH    9.00000000000000e-01   0.00000000000000e+00   0.00000000000000e+00\nH    0.00000000000000e+00   0.00000000000000e+00   9.00000000000000e-01",
    "model": "HF/STO-3G",
    "frag_energies": {
        "E(0,)": -74.93702733066866
    },
    "n-body_energies": {
        "V_1B": -74.93702733066866
    },
    "individual_n-body_energies": {
        "V(0,)_1B": -74.93702733066866
    }
}