{
    "ID": "4f58498f1515425218fc4e38f5aa005810170563",
    "molecule": "O   -5.90075300000000e-04   2.00000000000000e+00  -4.52674000000000e-04\nH    9.25610245700000e-01   2.00000000000000e+00  -2.48113235200000e-01\nH   -9.30743000000000e-05   2.00000000000000e+00   9.58286909200000e-01\nO   -5.90075300000000e-04   0.00000000000000e+00  -4.52674000000000e-04\nH    9.25610245700000e-01   0.00000000000000e+00  -2.48113235200000e-01\nH   -9.30743000000000e-05   0.00000000000000e+00   9.58286909200000e-01",
    "model": "HF/STO-3G",
    "frag_energies": {
        "E(0,)": -74.96309122143082,
        "E(1,)": -74.96309122145779,
        "E(0, 1)": -149.87016120145313
    },
    "n-body_energies": {
        "V_1B": -149.9261824428886,
        "V_2B": 0.05602124143547371
    },
    "individual_n-body_energies": {
        "V(0,)_1B": -74.96309122143082,
        "V(1,)_1B": -74.96309122145779,
        "V(0, 1)_2B": 0.05602124143547371
    }
}