{
    "ID": "1e2841d54878dd5c525234578cafe17192c854f8",
    "molecule": "O   -5.90075300000000e-04   0.00000000000000e+00  -4.52674000000000e-04\nH    9.25610245700000e-01   0.00000000000000e+00  -2.48113235200000e-01\nH   -9.30743000000000e-05   0.00000000000000e+00   9.58286909200000e-01",
    "model": "HF/STO-3G",
    "frag_energies": {
        "E(0,)": -74.96309122145777
    },
    "n-body_energies": {
        "V_1B": -74.96309122145777
    },
    "individual_n-body_energies": {
        "V(0,)_1B": -74.96309122145777
    }
}