
  Memory set to 953.674 MiB by Python driver.
  Python driver attempted to set threads to 2.
  Psi4 was compiled without OpenMP, setting threads to 1.

*** tstart() called on flash.local
*** at Wed Apr 25 19:03:04 2018

   => Loading Basis Set <=

    Name: CC-PVDZ
    Role: ORBITAL
    Keyword: BASIS
    atoms 1   entry O          line   190 file /Users/andi/anaconda/envs/mb-md/share/psi4/basis/cc-pvdz.gbs 
    atoms 2-3 entry H          line    20 file /Users/andi/anaconda/envs/mb-md/share/psi4/basis/cc-pvdz.gbs 

    There are an even number of electrons - assuming singlet.
    Specify the multiplicity in the molecule input block.


         ---------------------------------------------------------
                                   SCF
            by Justin Turney, Rob Parrish, and Andy Simmonett
                              RKS Reference
                        1 Threads,    953 MiB Core
         ---------------------------------------------------------

  ==> Geometry <==

    Molecular point group: c2v
    Full point group: C2v

    Geometry (in Angstrom), charge = 0, multiplicity = 1:

       Center              X                  Y                   Z               Mass       
    ------------   -----------------  -----------------  -----------------  -----------------
           O          0.000000000000     0.000000000000    -0.065621588120    15.994914619560
           H         -0.000000000000     0.757391011456     0.520731111941     1.007825032070
           H          0.000000000000    -0.757391011456     0.520731111941     1.007825032070

  Running in c2v symmetry.

  Rotational constants: A =     27.39106  B =     14.57945  C =      9.51493 [cm^-1]
  Rotational constants: A = 821163.43716  B = 437080.83684  C = 285250.49524 [MHz]
  Nuclear repulsion =    9.188884103470432

  Charge       = 0
  Multiplicity = 1
  Electrons    = 10
  Nalpha       = 5
  Nbeta        = 5

  ==> Algorithm <==

  SCF Algorithm Type is DF.
  DIIS enabled.
  MOM disabled.
  Fractional occupation disabled.
  Guess Type is SAD.
  Energy threshold   = 1.00e-06
  Density threshold  = 1.00e-06
  Integral threshold = 0.00e+00

  ==> Primary Basis <==

  Basis Set: CC-PVDZ
    Blend: CC-PVDZ
    Number of shells: 12
    Number of basis function: 24
    Number of Cartesian functions: 25
    Spherical Harmonics?: true
    Max angular momentum: 2

  ==> DFT Potential <==

   => BLYP Composite Functional <= 

    BLYP GGA Exchange-Correlation Functional

    P.J. Stephens et. al., J. Phys. Chem., 98, 11623-11627, 1994
    B. Miehlich et. al., Chem. Phys. Lett., 157(3), 200-206 1989

    Points   =           5000
    Deriv    =              1
    GGA      =           TRUE
    Meta     =          FALSE

    X_LRC        =          FALSE
    X_Hybrid     =          FALSE
    X_Alpha      =   0.000000E+00
    X_Omega      =   0.000000E+00
    C_LRC        =          FALSE
    C_Hybrid     =          FALSE
    C_Alpha      =   0.000000E+00
    C_Omega      =   0.000000E+00

   => Exchange Functionals <=

    1.0000   B88_X

   => Correlation Functionals <=

    1.0000   LYP_C

   => Molecular Quadrature <=

    Radial Scheme    =       TREUTLER
    Pruning Scheme   =           FLAT
    Nuclear Scheme   =       TREUTLER

    BS radius alpha  =              1
    Pruning alpha    =              1
    Radial Points    =             75
    Spherical Points =            302
    Total Points     =          66409
    Total Blocks     =             65
    Max Points       =           4780
    Max Functions    =             24

   => Loading Basis Set <=

    Name: (CC-PVDZ AUX)
    Role: JKFIT
    Keyword: DF_BASIS_SCF
    atoms 1   entry O          line   220 file /Users/andi/anaconda/envs/mb-md/share/psi4/basis/cc-pvdz-jkfit.gbs 
    atoms 2-3 entry H          line    50 file /Users/andi/anaconda/envs/mb-md/share/psi4/basis/cc-pvdz-jkfit.gbs 

  ==> Pre-Iterations <==

   -------------------------------------------------------
    Irrep   Nso     Nmo     Nalpha   Nbeta   Ndocc  Nsocc
   -------------------------------------------------------
     A1        11      11       0       0       0       0
     A2         2       2       0       0       0       0
     B1         4       4       0       0       0       0
     B2         7       7       0       0       0       0
   -------------------------------------------------------
    Total      24      24       5       5       5       0
   -------------------------------------------------------

  ==> Integral Setup <==

  ==> DFJK: Density-Fitted J/K Matrices <==

    J tasked:                  Yes
    K tasked:                   No
    wK tasked:                  No
    OpenMP threads:              1
    Integrals threads:           1
    Memory (MB):               715
    Algorithm:                Core
    Integral Cache:           NONE
    Schwarz Cutoff:          1E-12
    Fitting Condition:       1E-12

   => Auxiliary Basis Set <=

  Basis Set: (CC-PVDZ AUX)
    Blend: CC-PVDZ-JKFIT
    Number of shells: 42
    Number of basis function: 116
    Number of Cartesian functions: 131
    Spherical Harmonics?: true
    Max angular momentum: 3

  Minimum eigenvalue in the overlap matrix is 3.4223536590E-02.
  Using Symmetric Orthogonalization.

  SCF Guess: Superposition of Atomic Densities via on-the-fly atomic UHF.

  ==> Iterations <==

                           Total Energy        Delta E     RMS |[F,P]|

   @DF-RKS iter   0:   -76.38481691072887   -7.63848e+01   1.12802e-01 
   @DF-RKS iter   1:   -76.31572167179060    6.90952e-02   3.42818e-02 
   @DF-RKS iter   2:   -76.13676573862293    1.78956e-01   6.02007e-02 DIIS
   @DF-RKS iter   3:   -76.39790283643742   -2.61137e-01   9.67818e-04 DIIS
   @DF-RKS iter   4:   -76.39798393161300   -8.10952e-05   2.26869e-04 DIIS
   @DF-RKS iter   5:   -76.39798701556434   -3.08395e-06   3.89713e-05 DIIS
   @DF-RKS iter   6:   -76.39798713409857   -1.18534e-07   1.88590e-06 DIIS
   @DF-RKS iter   7:   -76.39798713453433   -4.35762e-10   5.46836e-08 DIIS

  ==> Post-Iterations <==

    Orbital Energies (a.u.)
    -----------------------

    Doubly Occupied:                                                      

       1A1   -18.766319     2A1    -0.894919     1B2    -0.452183  
       3A1    -0.298308     1B1    -0.220586  

    Virtual:                                                              

       4A1     0.028115     2B2     0.103663     3B2     0.517758  
       5A1     0.567332     6A1     0.851120     2B1     0.863932  
       4B2     0.945271     7A1     1.159388     1A2     1.188346  
       3B1     1.380940     8A1     1.539446     5B2     1.620539  
       6B2     2.048765     9A1     2.085788     4B1     2.846454  
       2A2     2.889754    10A1     3.055121    11A1     3.383466  
       7B2     3.650054  

    Final Occupation by Irrep:
             A1    A2    B1    B2 
    DOCC [     3,    0,    1,    1 ]

  Energy converged.

  @DF-RKS Final Energy:   -76.39798713453433

   => Energetics <=

    Nuclear Repulsion Energy =              9.1888841034704321
    One-Electron Energy =                -123.1951272325025286
    Two-Electron Energy =                  46.9566683028004732
    DFT Exchange-Correlation Energy =      -9.3484123083027022
    Empirical Dispersion Energy =           0.0000000000000000
    PCM Polarization Energy =               0.0000000000000000
    EFP Energy =                            0.0000000000000000
    Total Energy =                        -76.3979871345343327



Properties will be evaluated at   0.000000,   0.000000,   0.000000 Bohr

Properties computed using the SCF density matrix

  Nuclear Dipole Moment: (a.u.)
     X:     0.0000      Y:     0.0000      Z:     0.9760

  Electronic Dipole Moment: (a.u.)
     X:     0.0000      Y:     0.0000      Z:    -0.2504

  Dipole Moment: (a.u.)
     X:     0.0000      Y:     0.0000      Z:     0.7256     Total:     0.7256

  Dipole Moment: (Debye)
     X:     0.0000      Y:     0.0000      Z:     1.8443     Total:     1.8443


*** tstop() called on flash.local at Wed Apr 25 19:03:06 2018
Module time:
	user time   =       1.48 seconds =       0.02 minutes
	system time =       0.13 seconds =       0.00 minutes
	total time  =          2 seconds =       0.03 minutes
Total time:
	user time   =       1.48 seconds =       0.02 minutes
	system time =       0.13 seconds =       0.00 minutes
	total time  =          2 seconds =       0.03 minutes
