{
    "ID": "1342daac77411759ccae921cb465f62010c80b95",
    "molecule": "O    3.32152676322000e-02   0.00000000000000e+00  -5.75292965600000e-02\nH    3.13374453735000e-01  -3.84573560448000e-01   7.89625062752000e-01\nH   -8.40524884286000e-01   3.84573560448000e-01   1.23406672734000e-01\nO    2.87643394298000e-02   1.66070998358000e-02   3.38212220623000e+00\nH   -8.05161555394000e-01  -4.64921862500000e-01   3.51155930225000e+00\nH    3.48650589329000e-01   2.01355121880000e-01   4.28078646886000e+00",
    "model": "HF/STO-3G",
    "frag_energies": {
        "E(0,)": -74.96453888582126,
        "E(1,)": -74.96498998416696,
        "E(0, 1)": -149.93143120243408
    },
    "n-body_energies": {
        "V_1B": -149.92952886998822,
        "V_2B": -0.0019023324458657953
    },
    "individual_n-body_energies": {
        "V(0,)_1B": -74.96453888582126,
        "V(1,)_1B": -74.96498998416696,
        "V(0, 1)_2B": -0.0019023324458657953
    }
}