{
    "ID": "8c1e925d10e7d30da3965e4b9df82a973a7aafd7",
    "molecule": "O   -5.90075300000000e-04   0.00000000000000e+00  -4.52674000000000e-04\nH    9.25610245700000e-01   0.00000000000000e+00  -2.48113235200000e-01\nH   -9.30743000000000e-05   0.00000000000000e+00   9.58286909200000e-01\nO   -5.90075300000000e-04   2.00000000000000e+00  -4.52674000000000e-04\nH    9.25610245700000e-01   2.00000000000000e+00  -2.48113235200000e-01\nH   -9.30743000000000e-05   2.00000000000000e+00   9.58286909200000e-01\nO   -5.90075300000000e-04   4.00000000000000e+00  -4.52674000000000e-04\nH    9.25610245700000e-01   4.00000000000000e+00  -2.48113235200000e-01\nH   -9.30743000000000e-05   4.00000000000000e+00   9.58286909200000e-01",
    "model": "HF/STO-3G",
    "frag_energies": {
        "E(0,)": -74.97124068758417,
        "E(1,)": -74.9791596951666,
        "E(2,)": -74.97124068764563,
        "E(0, 1)": -149.87898503170103,
        "E(0, 2)": -149.940915071143,
        "E(1, 2)": -149.8789850315834,
        "E(0, 1, 2)": -224.77596731403779
    },
    "n-body_energies": {
        "V_1B": -224.92164107039642,
        "V_2B": 0.1443970063654092,
        "V_3B": 0.0012767499932238024
    },
    "individual_n-body_energies": {
        "V(0,)_1B": -74.97124068758417,
        "V(1,)_1B": -74.9791596951666,
        "V(2,)_1B": -74.97124068764563,
        "V(0, 1)_2B": 0.07141535104975105,
        "V(0, 2)_2B": 0.0015663040868219014,
        "V(1, 2)_2B": 0.07141535122883624,
        "V(0, 1, 2)_3B": 0.0012767499932238024
    }
}